16:05:38 **** Incremental Build of configuration Debug for project HUB75 ****
make -j7 all 
Building file: ../src/main.c
Invoking: MCU GCC Compiler
/Users/vishnulagudu/Documents/projects/SWIPE-STACK/STM32 Code/HUB75/Debug
arm-none-eabi-gcc -mcpu=cortex-m0 -mthumb -mfloat-abi=soft -DSTM32 -DSTM32F0 -DSTM32F091RCTx -DDEBUG -DSTM32F091 -DUSE_STDPERIPH_DRIVER -I"/Users/vishnulagudu/Documents/projects/SWIPE-STACK/STM32 Code/HUB75/StdPeriph_Driver/inc" -I"/Users/vishnulagudu/Documents/projects/SWIPE-STACK/STM32 Code/HUB75/inc" -I"/Users/vishnulagudu/Documents/projects/SWIPE-STACK/STM32 Code/HUB75/CMSIS/device" -I"/Users/vishnulagudu/Documents/projects/SWIPE-STACK/STM32 Code/HUB75/CMSIS/core" -O0 -g3 -Wall -fmessage-length=0 -ffunction-sections -c -MMD -MP -MF"src/main.d" -MT"src/main.o" -o "src/main.o" "../src/main.c"
Finished building: ../src/main.c
 
Building target: HUB75.elf
Invoking: MCU GCC Linker
arm-none-eabi-gcc -mcpu=cortex-m0 -mthumb -mfloat-abi=soft -T"/Users/vishnulagudu/Documents/projects/SWIPE-STACK/STM32 Code/HUB75/LinkerScript.ld" -Wl,-Map=output.map -Wl,--gc-sections -o "HUB75.elf" @"objects.list"   -lm
Finished building target: HUB75.elf
 
/Library/Developer/CommandLineTools/usr/bin/make --no-print-directory post-build
Generating binary and Printing size information:
arm-none-eabi-objcopy -O binary "HUB75.elf" "HUB75.bin"
arm-none-eabi-size "HUB75.elf"
   text	   data	    bss	    dec	    hex	filename
   1512	   1080	   1092	   3684	    e64	HUB75.elf
 
16:05:45 **** Incremental Build of configuration Debug for project HUB75 ****
make -j7 all 
make: Nothing to be done for `all'.
